// Jest Snapshot v1, https://goo.gl/fbAQLP

exports[`test.ts - typescript-verify: test.ts 1`] = `
import React from 'react';
import clsx from 'clsx';
import Link from '@docusaurus/Link';
import useDocusaurusContext from '@docusaurus/useDocusaurusContext';
import HomepageFeatures from '@site/src/components/HomepageFeatures';
import Layout from '@theme/Layout';
import styles from './index.module.css';
~~~~~~~~~~~~~~~~~~~~~~~~~~~~~~~~~~~~~~~~~~~~~~~~~~~~~~~~~~~~~~~~~~~~~~~~~~~~~~~~
import React from "react";
import clsx from "clsx";

import Link from "@docusaurus/Link";
import useDocusaurusContext from "@docusaurus/useDocusaurusContext";
import HomepageFeatures from "@site/src/components/HomepageFeatures";
import Layout from "@theme/Layout";
import styles from "./index.module.css";

`;
