// Vitest Snapshot v1, https://vitest.dev/guide/snapshot.html

exports[`type-imports-separated.ts - typescript-verify > type-imports-separated.ts 1`] = `
import path from "node:path";
import type fs from "node:fs";
import type { RunResult } from "better-sqlite3";
import { Do, Option, Result } from "ftld";
import { DomainError } from "../lib/domain-error";
import { msTimestamp } from "./utils";
~~~~~~~~~~~~~~~~~~~~~~~~~~~~~~~~~~~~~~~~~~~~~~~~~~~~~~~~~~~~~~~~~~~~~~~~~~~~~~~~
import type fs from "node:fs";
import path from "node:path";

import type { RunResult } from "better-sqlite3";
import { Do, Option, Result } from "ftld";

import { DomainError } from "../lib/domain-error";
import { msTimestamp } from "./utils";

`;
